<?xml version="1.0"?>
<link_info>
   <banner>TI ARM Linker Unix v5.1.5</banner>
   <copyright>Copyright (c) 1996-2014 Texas Instruments Incorporated</copyright>
   <link_time>0x558eb3d1</link_time>
   <link_errors>0x0</link_errors>
   <output_file>tivaCpp.out</output_file>
   <entry_point>
      <name>_c_int00</name>
      <address>0x1031</address>
   </entry_point>
   <input_file_list>
      <input_file id="fl-2">
         <path>./</path>
         <kind>object</kind>
         <file>tm4c123gh6pm_startup_ccs.obj</file>
         <name>tm4c123gh6pm_startup_ccs.obj</name>
      </input_file>
      <input_file id="fl-3">
         <path>./</path>
         <kind>object</kind>
         <file>main.obj</file>
         <name>main.obj</name>
      </input_file>
      <input_file id="fl-130">
         <path>/home/wilsan/ti/ccsv6/tools/compiler/arm_5.1.5/lib/</path>
         <kind>archive</kind>
         <file>rtsv7M4_T_le_v4SPD16_eabi.lib</file>
         <name>boot.obj</name>
      </input_file>
      <input_file id="fl-131">
         <path>/home/wilsan/ti/ccsv6/tools/compiler/arm_5.1.5/lib/</path>
         <kind>archive</kind>
         <file>rtsv7M4_T_le_v4SPD16_eabi.lib</file>
         <name>copy_decompress_none.obj</name>
      </input_file>
      <input_file id="fl-132">
         <path>/home/wilsan/ti/ccsv6/tools/compiler/arm_5.1.5/lib/</path>
         <kind>archive</kind>
         <file>rtsv7M4_T_le_v4SPD16_eabi.lib</file>
         <name>copy_decompress_rle.obj</name>
      </input_file>
      <input_file id="fl-133">
         <path>/home/wilsan/ti/ccsv6/tools/compiler/arm_5.1.5/lib/</path>
         <kind>archive</kind>
         <file>rtsv7M4_T_le_v4SPD16_eabi.lib</file>
         <name>copy_zero_init.obj</name>
      </input_file>
      <input_file id="fl-134">
         <path>/home/wilsan/ti/ccsv6/tools/compiler/arm_5.1.5/lib/</path>
         <kind>archive</kind>
         <file>rtsv7M4_T_le_v4SPD16_eabi.lib</file>
         <name>exit.obj</name>
      </input_file>
      <input_file id="fl-135">
         <path>/home/wilsan/ti/ccsv6/tools/compiler/arm_5.1.5/lib/</path>
         <kind>archive</kind>
         <file>rtsv7M4_T_le_v4SPD16_eabi.lib</file>
         <name>memcpy_t2.obj</name>
      </input_file>
      <input_file id="fl-136">
         <path>/home/wilsan/ti/ccsv6/tools/compiler/arm_5.1.5/lib/</path>
         <kind>archive</kind>
         <file>rtsv7M4_T_le_v4SPD16_eabi.lib</file>
         <name>stkdepth_vars.obj</name>
      </input_file>
      <input_file id="fl-137">
         <path>/home/wilsan/ti/ccsv6/tools/compiler/arm_5.1.5/lib/</path>
         <kind>archive</kind>
         <file>rtsv7M4_T_le_v4SPD16_eabi.lib</file>
         <name>typeinfo_.obj</name>
      </input_file>
      <input_file id="fl-138">
         <path>/home/wilsan/ti/ccsv6/tools/compiler/arm_5.1.5/lib/</path>
         <kind>archive</kind>
         <file>rtsv7M4_T_le_v4SPD16_eabi.lib</file>
         <name>_lock.obj</name>
      </input_file>
      <input_file id="fl-139">
         <path>/home/wilsan/ti/ccsv6/tools/compiler/arm_5.1.5/lib/</path>
         <kind>archive</kind>
         <file>rtsv7M4_T_le_v4SPD16_eabi.lib</file>
         <name>args_main.obj</name>
      </input_file>
      <input_file id="fl-13a">
         <path>/home/wilsan/ti/ccsv6/tools/compiler/arm_5.1.5/lib/</path>
         <kind>archive</kind>
         <file>rtsv7M4_T_le_v4SPD16_eabi.lib</file>
         <name>auto_init.obj</name>
      </input_file>
      <input_file id="fl-13b">
         <path>/home/wilsan/ti/ccsv6/tools/compiler/arm_5.1.5/lib/</path>
         <kind>archive</kind>
         <file>rtsv7M4_T_le_v4SPD16_eabi.lib</file>
         <name>cpy_tbl.obj</name>
      </input_file>
      <input_file id="fl-13c">
         <path>/home/wilsan/ti/ccsv6/tools/compiler/arm_5.1.5/lib/</path>
         <kind>archive</kind>
         <file>rtsv7M4_T_le_v4SPD16_eabi.lib</file>
         <name>delete.obj</name>
      </input_file>
      <input_file id="fl-13d">
         <path>/home/wilsan/ti/ccsv6/tools/compiler/arm_5.1.5/lib/</path>
         <kind>archive</kind>
         <file>rtsv7M4_T_le_v4SPD16_eabi.lib</file>
         <name>memory.obj</name>
      </input_file>
   </input_file_list>
   <object_component_list>
      <object_component id="oc-e">
         <name>.intvecs</name>
         <load_address>0x0</load_address>
         <run_address>0x0</run_address>
         <size>0x26c</size>
         <input_file_ref idref="fl-2"/>
      </object_component>
      <object_component id="oc-5e">
         <name>.text</name>
         <load_address>0x26c</load_address>
         <run_address>0x26c</run_address>
         <size>0x6a8</size>
         <input_file_ref idref="fl-3"/>
      </object_component>
      <object_component id="oc-14f">
         <name>.text</name>
         <load_address>0x914</load_address>
         <run_address>0x914</run_address>
         <size>0x3cc</size>
         <input_file_ref idref="fl-13d"/>
      </object_component>
      <object_component id="oc-27">
         <name>.text</name>
         <load_address>0xce0</load_address>
         <run_address>0xce0</run_address>
         <size>0x104</size>
         <input_file_ref idref="fl-2"/>
      </object_component>
      <object_component id="oc-113">
         <name>.text</name>
         <load_address>0xde4</load_address>
         <run_address>0xde4</run_address>
         <size>0xbc</size>
         <input_file_ref idref="fl-137"/>
      </object_component>
      <object_component id="oc-40">
         <name>.text</name>
         <load_address>0xea0</load_address>
         <run_address>0xea0</run_address>
         <size>0x9c</size>
         <input_file_ref idref="fl-135"/>
      </object_component>
      <object_component id="oc-2f">
         <name>.text</name>
         <load_address>0xf3c</load_address>
         <run_address>0xf3c</run_address>
         <size>0x94</size>
         <input_file_ref idref="fl-13a"/>
      </object_component>
      <object_component id="oc-52">
         <name>.text</name>
         <load_address>0xfd0</load_address>
         <run_address>0xfd0</run_address>
         <size>0x5e</size>
         <input_file_ref idref="fl-132"/>
      </object_component>
      <object_component id="oc-10">
         <name>.text</name>
         <load_address>0x1030</load_address>
         <run_address>0x1030</run_address>
         <size>0x48</size>
         <input_file_ref idref="fl-130"/>
      </object_component>
      <object_component id="oc-6e">
         <name>.text</name>
         <load_address>0x1078</load_address>
         <run_address>0x1078</run_address>
         <size>0x44</size>
         <input_file_ref idref="fl-13b"/>
      </object_component>
      <object_component id="oc-38">
         <name>.text</name>
         <load_address>0x10bc</load_address>
         <run_address>0x10bc</run_address>
         <size>0x44</size>
         <input_file_ref idref="fl-134"/>
      </object_component>
      <object_component id="oc-33">
         <name>.text</name>
         <load_address>0x1100</load_address>
         <run_address>0x1100</run_address>
         <size>0x18</size>
         <input_file_ref idref="fl-139"/>
      </object_component>
      <object_component id="oc-c7">
         <name>.text</name>
         <load_address>0x1118</load_address>
         <run_address>0x1118</run_address>
         <size>0x14</size>
         <input_file_ref idref="fl-138"/>
      </object_component>
      <object_component id="oc-19">
         <name>.text:decompress:ZI</name>
         <load_address>0x112c</load_address>
         <run_address>0x112c</run_address>
         <size>0x12</size>
         <input_file_ref idref="fl-133"/>
      </object_component>
      <object_component id="oc-14">
         <name>.text:decompress:none</name>
         <load_address>0x113e</load_address>
         <run_address>0x113e</run_address>
         <size>0xe</size>
         <input_file_ref idref="fl-131"/>
      </object_component>
      <object_component id="oc-128">
         <name>.text</name>
         <load_address>0x114c</load_address>
         <run_address>0x114c</run_address>
         <size>0x8</size>
         <input_file_ref idref="fl-13c"/>
      </object_component>
      <object_component id="oc-1e">
         <name>.text:decompress:rle24</name>
         <load_address>0x1154</load_address>
         <run_address>0x1154</run_address>
         <size>0x6</size>
         <input_file_ref idref="fl-132"/>
      </object_component>
      <object_component id="oc-18f">
         <name>.const:.typeinfo:_ZTSN10__cxxabiv123__fundamental_type_infoE</name>
         <load_address>0x115c</load_address>
         <run_address>0x115c</run_address>
         <size>0x28</size>
         <input_file_ref idref="fl-137"/>
      </object_component>
      <object_component id="oc-145">
         <name>.const:.typeinfo:_ZTSN10__cxxabiv120__si_class_type_infoE</name>
         <load_address>0x1184</load_address>
         <run_address>0x1184</run_address>
         <size>0x25</size>
         <input_file_ref idref="fl-137"/>
      </object_component>
      <object_component id="oc-17b">
         <name>.const:.typeinfo:_ZTSN10__cxxabiv119__pointer_type_infoE</name>
         <load_address>0x11a9</load_address>
         <run_address>0x11a9</run_address>
         <size>0x24</size>
         <input_file_ref idref="fl-137"/>
      </object_component>
      <object_component id="oc-11e">
         <name>.const:.typeinfo:_ZTSN10__cxxabiv117__class_type_infoE</name>
         <load_address>0x11cd</load_address>
         <run_address>0x11cd</run_address>
         <size>0x22</size>
         <input_file_ref idref="fl-137"/>
      </object_component>
      <object_component id="oc-18a">
         <name>.const:.typeinfo:_ZTSN10__cxxabiv117__pbase_type_infoE</name>
         <load_address>0x11ef</load_address>
         <run_address>0x11ef</run_address>
         <size>0x22</size>
         <input_file_ref idref="fl-137"/>
      </object_component>
      <object_component id="oc-ff">
         <name>.const:.typeinfo:_ZTSN7gObject7GObjectE</name>
         <load_address>0x1211</load_address>
         <run_address>0x1211</run_address>
         <size>0x13</size>
         <input_file_ref idref="fl-3"/>
      </object_component>
      <object_component id="oc-12e">
         <name>.const:.typeinfo:_ZTIPKe</name>
         <load_address>0x1224</load_address>
         <run_address>0x1224</run_address>
         <size>0x10</size>
         <input_file_ref idref="fl-137"/>
      </object_component>
      <object_component id="oc-fa">
         <name>.const:_ZTVN10__cxxabiv117__class_type_infoE</name>
         <load_address>0x1234</load_address>
         <run_address>0x1234</run_address>
         <size>0x10</size>
         <input_file_ref idref="fl-137"/>
      </object_component>
      <object_component id="oc-156">
         <name>.const:_ZTVN10__cxxabiv119__pointer_type_infoE</name>
         <load_address>0x1244</load_address>
         <run_address>0x1244</run_address>
         <size>0x10</size>
         <input_file_ref idref="fl-137"/>
      </object_component>
      <object_component id="oc-104">
         <name>.const:_ZTVN10__cxxabiv120__si_class_type_infoE</name>
         <load_address>0x1254</load_address>
         <run_address>0x1254</run_address>
         <size>0x10</size>
         <input_file_ref idref="fl-137"/>
      </object_component>
      <object_component id="oc-16f">
         <name>.const:_ZTVN10__cxxabiv123__fundamental_type_infoE</name>
         <load_address>0x1264</load_address>
         <run_address>0x1264</run_address>
         <size>0x10</size>
         <input_file_ref idref="fl-137"/>
      </object_component>
      <object_component id="oc-14a">
         <name>.const:.typeinfo:_ZTSSt9type_info</name>
         <load_address>0x1274</load_address>
         <run_address>0x1274</run_address>
         <size>0xd</size>
         <input_file_ref idref="fl-137"/>
      </object_component>
      <object_component id="oc-174">
         <name>.const:.typeinfo:_ZTSe</name>
         <load_address>0x1281</load_address>
         <run_address>0x1281</run_address>
         <size>0x2</size>
         <input_file_ref idref="fl-137"/>
      </object_component>
      <object_component id="oc-10e">
         <name>.const:.typeinfo:_ZTIN10__cxxabiv117__class_type_infoE</name>
         <load_address>0x1284</load_address>
         <run_address>0x1284</run_address>
         <size>0xc</size>
         <input_file_ref idref="fl-137"/>
      </object_component>
      <object_component id="oc-180">
         <name>.const:.typeinfo:_ZTIN10__cxxabiv117__pbase_type_infoE</name>
         <load_address>0x1290</load_address>
         <run_address>0x1290</run_address>
         <size>0xc</size>
         <input_file_ref idref="fl-137"/>
      </object_component>
      <object_component id="oc-16a">
         <name>.const:.typeinfo:_ZTIN10__cxxabiv119__pointer_type_infoE</name>
         <load_address>0x129c</load_address>
         <run_address>0x129c</run_address>
         <size>0xc</size>
         <input_file_ref idref="fl-137"/>
      </object_component>
      <object_component id="oc-119">
         <name>.const:.typeinfo:_ZTIN10__cxxabiv120__si_class_type_infoE</name>
         <load_address>0x12a8</load_address>
         <run_address>0x12a8</run_address>
         <size>0xc</size>
         <input_file_ref idref="fl-137"/>
      </object_component>
      <object_component id="oc-185">
         <name>.const:.typeinfo:_ZTIN10__cxxabiv123__fundamental_type_infoE</name>
         <load_address>0x12b4</load_address>
         <run_address>0x12b4</run_address>
         <size>0xc</size>
         <input_file_ref idref="fl-137"/>
      </object_component>
      <object_component id="oc-da">
         <name>.const:.typeinfo:_ZTIN4Gpio3PinE</name>
         <load_address>0x12c0</load_address>
         <run_address>0x12c0</run_address>
         <size>0xc</size>
         <input_file_ref idref="fl-3"/>
      </object_component>
      <object_component id="oc-109">
         <name>.const:.typeinfo:_ZTSN4Gpio3PinE</name>
         <load_address>0x12cc</load_address>
         <run_address>0x12cc</run_address>
         <size>0xc</size>
         <input_file_ref idref="fl-3"/>
      </object_component>
      <object_component id="oc-97">
         <name>.const:_ZTVN4Gpio3PinE</name>
         <load_address>0x12d8</load_address>
         <run_address>0x12d8</run_address>
         <size>0xc</size>
         <input_file_ref idref="fl-3"/>
      </object_component>
      <object_component id="oc-92">
         <name>.const:_ZTVN7gObject7GObjectE</name>
         <load_address>0x12e4</load_address>
         <run_address>0x12e4</run_address>
         <size>0xc</size>
         <input_file_ref idref="fl-3"/>
      </object_component>
      <object_component id="oc-d5">
         <name>.const:.typeinfo:_ZTIN7gObject7GObjectE</name>
         <load_address>0x12f0</load_address>
         <run_address>0x12f0</run_address>
         <size>0x8</size>
         <input_file_ref idref="fl-3"/>
      </object_component>
      <object_component id="oc-123">
         <name>.const:.typeinfo:_ZTISt9type_info</name>
         <load_address>0x12f8</load_address>
         <run_address>0x12f8</run_address>
         <size>0x8</size>
         <input_file_ref idref="fl-137"/>
      </object_component>
      <object_component id="oc-160">
         <name>.const:.typeinfo:_ZTIe</name>
         <load_address>0x1300</load_address>
         <run_address>0x1300</run_address>
         <size>0x8</size>
         <input_file_ref idref="fl-137"/>
      </object_component>
      <object_component id="oc-15b">
         <name>.const:.typeinfo:_ZTSPKe</name>
         <load_address>0x1308</load_address>
         <run_address>0x1308</run_address>
         <size>0x4</size>
         <input_file_ref idref="fl-137"/>
      </object_component>
      <object_component id="oc-1b2">
         <name>.cinit..data.load</name>
         <load_address>0x1310</load_address>
         <run_address>0x1310</run_address>
         <size>0x19</size>
      </object_component>
      <object_component id="oc-1b0">
         <name>__TI_handler_table</name>
         <load_address>0x132c</load_address>
         <run_address>0x132c</run_address>
         <size>0xc</size>
      </object_component>
      <object_component id="oc-1b3">
         <name>.cinit..bss.load</name>
         <load_address>0x1338</load_address>
         <run_address>0x1338</run_address>
         <size>0x8</size>
      </object_component>
      <object_component id="oc-1b1">
         <name>__TI_cinit_table</name>
         <load_address>0x1340</load_address>
         <run_address>0x1340</run_address>
         <size>0x10</size>
      </object_component>
      <object_component id="oc-23">
         <name>.init_array</name>
         <load_address>0x130c</load_address>
         <run_address>0x130c</run_address>
         <size>0x4</size>
         <input_file_ref idref="fl-3"/>
      </object_component>
      <object_component id="oc-3d">
         <name>.data</name>
         <load_address>0x2000061c</load_address>
         <run_address>0x2000061c</run_address>
         <size>0x4</size>
         <input_file_ref idref="fl-136"/>
      </object_component>
      <object_component id="oc-76">
         <name>.data</name>
         <load_address>0x2000060c</load_address>
         <run_address>0x2000060c</run_address>
         <size>0x8</size>
         <input_file_ref idref="fl-138"/>
      </object_component>
      <object_component id="oc-78">
         <name>.data</name>
         <load_address>0x20000614</load_address>
         <run_address>0x20000614</run_address>
         <size>0x8</size>
         <input_file_ref idref="fl-134"/>
      </object_component>
      <object_component id="oc-165">
         <name>.data</name>
         <load_address>0x20000600</load_address>
         <run_address>0x20000600</run_address>
         <size>0xc</size>
         <input_file_ref idref="fl-13d"/>
      </object_component>
      <object_component id="oc-90">
         <name>.bss</name>
         <uninitialized>true</uninitialized>
         <run_address>0x20000620</run_address>
         <size>0x14</size>
         <input_file_ref idref="fl-3"/>
      </object_component>
      <object_component id="oc-12d">
         <name>.common:_ZSt16__dummy_typeinfo</name>
         <uninitialized>true</uninitialized>
         <run_address>0x20000634</run_address>
         <size>0x4</size>
      </object_component>
      <object_component id="oc-25">
         <name>.sysmem</name>
         <uninitialized>true</uninitialized>
         <run_address>0x20000000</run_address>
         <size>0x8</size>
         <input_file_ref idref="fl-13d"/>
      </object_component>
      <object_component id="oc-1b5">
         <name>.sysmem</name>
         <uninitialized>true</uninitialized>
         <run_address>0x20000000</run_address>
         <size>0x0</size>
      </object_component>
      <object_component id="oc-24">
         <name>.stack</name>
         <uninitialized>true</uninitialized>
         <run_address>0x20000400</run_address>
         <size>0x0</size>
         <input_file_ref idref="fl-130"/>
      </object_component>
      <object_component id="oc-1b4">
         <name>.stack</name>
         <uninitialized>true</uninitialized>
         <run_address>0x20000400</run_address>
         <size>0x0</size>
      </object_component>
      <object_component id="oc-f">
         <name>.debug_info</name>
         <load_address>0x0</load_address>
         <run_address>0x0</run_address>
         <size>0xf1</size>
         <input_file_ref idref="fl-2"/>
      </object_component>
      <object_component id="oc-13">
         <name>.debug_info</name>
         <load_address>0xf1</load_address>
         <run_address>0xf1</run_address>
         <size>0xf3</size>
         <input_file_ref idref="fl-130"/>
      </object_component>
      <object_component id="oc-17">
         <name>.debug_info</name>
         <load_address>0x1e4</load_address>
         <run_address>0x1e4</run_address>
         <size>0x194</size>
         <input_file_ref idref="fl-131"/>
      </object_component>
      <object_component id="oc-1a">
         <name>.debug_info</name>
         <load_address>0x378</load_address>
         <run_address>0x378</run_address>
         <size>0x16a</size>
         <input_file_ref idref="fl-133"/>
      </object_component>
      <object_component id="oc-1f">
         <name>.debug_info</name>
         <load_address>0x4e2</load_address>
         <run_address>0x4e2</run_address>
         <size>0x18e</size>
         <input_file_ref idref="fl-132"/>
      </object_component>
      <object_component id="oc-26">
         <name>.debug_info</name>
         <load_address>0x670</load_address>
         <run_address>0x670</run_address>
         <size>0xb6</size>
         <input_file_ref idref="fl-13d"/>
      </object_component>
      <object_component id="oc-28">
         <name>.debug_info</name>
         <load_address>0x726</load_address>
         <run_address>0x726</run_address>
         <size>0x3ce7</size>
         <input_file_ref idref="fl-2"/>
      </object_component>
      <object_component id="oc-2e">
         <name>.debug_info</name>
         <load_address>0x440d</load_address>
         <run_address>0x440d</run_address>
         <size>0x13f</size>
         <input_file_ref idref="fl-2"/>
      </object_component>
      <object_component id="oc-30">
         <name>.debug_info</name>
         <load_address>0x454c</load_address>
         <run_address>0x454c</run_address>
         <size>0x13d</size>
         <input_file_ref idref="fl-13a"/>
      </object_component>
      <object_component id="oc-34">
         <name>.debug_info</name>
         <load_address>0x4689</load_address>
         <run_address>0x4689</run_address>
         <size>0x11c</size>
         <input_file_ref idref="fl-139"/>
      </object_component>
      <object_component id="oc-39">
         <name>.debug_info</name>
         <load_address>0x47a5</load_address>
         <run_address>0x47a5</run_address>
         <size>0x1c2</size>
         <input_file_ref idref="fl-134"/>
      </object_component>
      <object_component id="oc-3e">
         <name>.debug_info</name>
         <load_address>0x4967</load_address>
         <run_address>0x4967</run_address>
         <size>0xbe</size>
         <input_file_ref idref="fl-136"/>
      </object_component>
      <object_component id="oc-41">
         <name>.debug_info</name>
         <load_address>0x4a25</load_address>
         <run_address>0x4a25</run_address>
         <size>0xcc</size>
         <input_file_ref idref="fl-135"/>
      </object_component>
      <object_component id="oc-45">
         <name>.debug_info</name>
         <load_address>0x4af1</load_address>
         <run_address>0x4af1</run_address>
         <size>0x46</size>
         <input_file_ref idref="fl-131"/>
      </object_component>
      <object_component id="oc-4a">
         <name>.debug_info</name>
         <load_address>0x4b37</load_address>
         <run_address>0x4b37</run_address>
         <size>0xf2</size>
         <input_file_ref idref="fl-131"/>
      </object_component>
      <object_component id="oc-4c">
         <name>.debug_info</name>
         <load_address>0x4c29</load_address>
         <run_address>0x4c29</run_address>
         <size>0x46</size>
         <input_file_ref idref="fl-133"/>
      </object_component>
      <object_component id="oc-51">
         <name>.debug_info</name>
         <load_address>0x4c6f</load_address>
         <run_address>0x4c6f</run_address>
         <size>0xad</size>
         <input_file_ref idref="fl-133"/>
      </object_component>
      <object_component id="oc-53">
         <name>.debug_info</name>
         <load_address>0x4d1c</load_address>
         <run_address>0x4d1c</run_address>
         <size>0x1ef</size>
         <input_file_ref idref="fl-132"/>
      </object_component>
      <object_component id="oc-58">
         <name>.debug_info</name>
         <load_address>0x4f0b</load_address>
         <run_address>0x4f0b</run_address>
         <size>0xb7</size>
         <input_file_ref idref="fl-132"/>
      </object_component>
      <object_component id="oc-59">
         <name>.debug_info</name>
         <load_address>0x4fc2</load_address>
         <run_address>0x4fc2</run_address>
         <size>0x39</size>
         <input_file_ref idref="fl-132"/>
      </object_component>
      <object_component id="oc-5f">
         <name>.debug_info</name>
         <load_address>0x4ffb</load_address>
         <run_address>0x4ffb</run_address>
         <size>0x2696</size>
         <input_file_ref idref="fl-3"/>
      </object_component>
      <object_component id="oc-65">
         <name>.debug_info</name>
         <load_address>0x7691</load_address>
         <run_address>0x7691</run_address>
         <size>0x1d7</size>
         <input_file_ref idref="fl-13d"/>
      </object_component>
      <object_component id="oc-69">
         <name>.debug_info</name>
         <load_address>0x7868</load_address>
         <run_address>0x7868</run_address>
         <size>0x84</size>
         <input_file_ref idref="fl-2"/>
      </object_component>
      <object_component id="oc-6f">
         <name>.debug_info</name>
         <load_address>0x78ec</load_address>
         <run_address>0x78ec</run_address>
         <size>0x14b</size>
         <input_file_ref idref="fl-13b"/>
      </object_component>
      <object_component id="oc-75">
         <name>.debug_info</name>
         <load_address>0x7a37</load_address>
         <run_address>0x7a37</run_address>
         <size>0x11b</size>
         <input_file_ref idref="fl-139"/>
      </object_component>
      <object_component id="oc-77">
         <name>.debug_info</name>
         <load_address>0x7b52</load_address>
         <run_address>0x7b52</run_address>
         <size>0xc8</size>
         <input_file_ref idref="fl-138"/>
      </object_component>
      <object_component id="oc-79">
         <name>.debug_info</name>
         <load_address>0x7c1a</load_address>
         <run_address>0x7c1a</run_address>
         <size>0xeb</size>
         <input_file_ref idref="fl-134"/>
      </object_component>
      <object_component id="oc-7b">
         <name>.debug_info</name>
         <load_address>0x7d05</load_address>
         <run_address>0x7d05</run_address>
         <size>0x146</size>
         <input_file_ref idref="fl-134"/>
      </object_component>
      <object_component id="oc-7f">
         <name>.debug_info</name>
         <load_address>0x7e4b</load_address>
         <run_address>0x7e4b</run_address>
         <size>0x2c</size>
         <input_file_ref idref="fl-131"/>
      </object_component>
      <object_component id="oc-86">
         <name>.debug_info</name>
         <load_address>0x7e77</load_address>
         <run_address>0x7e77</run_address>
         <size>0x2c</size>
         <input_file_ref idref="fl-133"/>
      </object_component>
      <object_component id="oc-91">
         <name>.debug_info</name>
         <load_address>0x7ea3</load_address>
         <run_address>0x7ea3</run_address>
         <size>0xfa</size>
         <input_file_ref idref="fl-3"/>
      </object_component>
      <object_component id="oc-93">
         <name>.debug_info</name>
         <load_address>0x7f9d</load_address>
         <run_address>0x7f9d</run_address>
         <size>0x106</size>
         <input_file_ref idref="fl-3"/>
      </object_component>
      <object_component id="oc-98">
         <name>.debug_info</name>
         <load_address>0x80a3</load_address>
         <run_address>0x80a3</run_address>
         <size>0xf8</size>
         <input_file_ref idref="fl-3"/>
      </object_component>
      <object_component id="oc-9d">
         <name>.debug_info</name>
         <load_address>0x819b</load_address>
         <run_address>0x819b</run_address>
         <size>0x8b</size>
         <input_file_ref idref="fl-3"/>
      </object_component>
      <object_component id="oc-a2">
         <name>.debug_info</name>
         <load_address>0x8226</load_address>
         <run_address>0x8226</run_address>
         <size>0xd8</size>
         <input_file_ref idref="fl-3"/>
      </object_component>
      <object_component id="oc-a7">
         <name>.debug_info</name>
         <load_address>0x82fe</load_address>
         <run_address>0x82fe</run_address>
         <size>0x824</size>
         <input_file_ref idref="fl-3"/>
      </object_component>
      <object_component id="oc-a8">
         <name>.debug_info</name>
         <load_address>0x8b22</load_address>
         <run_address>0x8b22</run_address>
         <size>0x3b9</size>
         <input_file_ref idref="fl-3"/>
      </object_component>
      <object_component id="oc-ad">
         <name>.debug_info</name>
         <load_address>0x8edb</load_address>
         <run_address>0x8edb</run_address>
         <size>0xee0</size>
         <input_file_ref idref="fl-3"/>
      </object_component>
      <object_component id="oc-b4">
         <name>.debug_info</name>
         <load_address>0x9dbb</load_address>
         <run_address>0x9dbb</run_address>
         <size>0x2c</size>
         <input_file_ref idref="fl-13d"/>
      </object_component>
      <object_component id="oc-b9">
         <name>.debug_info</name>
         <load_address>0x9de7</load_address>
         <run_address>0x9de7</run_address>
         <size>0x62</size>
         <input_file_ref idref="fl-13d"/>
      </object_component>
      <object_component id="oc-bf">
         <name>.debug_info</name>
         <load_address>0x9e49</load_address>
         <run_address>0x9e49</run_address>
         <size>0x148</size>
         <input_file_ref idref="fl-13b"/>
      </object_component>
      <object_component id="oc-c2">
         <name>.debug_info</name>
         <load_address>0x9f91</load_address>
         <run_address>0x9f91</run_address>
         <size>0x5e</size>
         <input_file_ref idref="fl-139"/>
      </object_component>
      <object_component id="oc-c8">
         <name>.debug_info</name>
         <load_address>0x9fef</load_address>
         <run_address>0x9fef</run_address>
         <size>0x1d4</size>
         <input_file_ref idref="fl-138"/>
      </object_component>
      <object_component id="oc-ce">
         <name>.debug_info</name>
         <load_address>0xa1c3</load_address>
         <run_address>0xa1c3</run_address>
         <size>0xd9</size>
         <input_file_ref idref="fl-138"/>
      </object_component>
      <object_component id="oc-d6">
         <name>.debug_info</name>
         <load_address>0xa29c</load_address>
         <run_address>0xa29c</run_address>
         <size>0xf8</size>
         <input_file_ref idref="fl-3"/>
      </object_component>
      <object_component id="oc-db">
         <name>.debug_info</name>
         <load_address>0xa394</load_address>
         <run_address>0xa394</run_address>
         <size>0xea</size>
         <input_file_ref idref="fl-3"/>
      </object_component>
      <object_component id="oc-df">
         <name>.debug_info</name>
         <load_address>0xa47e</load_address>
         <run_address>0xa47e</run_address>
         <size>0xbc</size>
         <input_file_ref idref="fl-3"/>
      </object_component>
      <object_component id="oc-e6">
         <name>.debug_info</name>
         <load_address>0xa53a</load_address>
         <run_address>0xa53a</run_address>
         <size>0xbf3</size>
         <input_file_ref idref="fl-3"/>
      </object_component>
      <object_component id="oc-eb">
         <name>.debug_info</name>
         <load_address>0xb12d</load_address>
         <run_address>0xb12d</run_address>
         <size>0x378</size>
         <input_file_ref idref="fl-3"/>
      </object_component>
      <object_component id="oc-f2">
         <name>.debug_info</name>
         <load_address>0xb4a5</load_address>
         <run_address>0xb4a5</run_address>
         <size>0xcd</size>
         <input_file_ref idref="fl-13b"/>
      </object_component>
      <object_component id="oc-fb">
         <name>.debug_info</name>
         <load_address>0xb572</load_address>
         <run_address>0xb572</run_address>
         <size>0x102</size>
         <input_file_ref idref="fl-137"/>
      </object_component>
      <object_component id="oc-100">
         <name>.debug_info</name>
         <load_address>0xb674</load_address>
         <run_address>0xb674</run_address>
         <size>0xfd</size>
         <input_file_ref idref="fl-3"/>
      </object_component>
      <object_component id="oc-105">
         <name>.debug_info</name>
         <load_address>0xb771</load_address>
         <run_address>0xb771</run_address>
         <size>0x108</size>
         <input_file_ref idref="fl-137"/>
      </object_component>
      <object_component id="oc-10a">
         <name>.debug_info</name>
         <load_address>0xb879</load_address>
         <run_address>0xb879</run_address>
         <size>0xef</size>
         <input_file_ref idref="fl-3"/>
      </object_component>
      <object_component id="oc-10f">
         <name>.debug_info</name>
         <load_address>0xb968</load_address>
         <run_address>0xb968</run_address>
         <size>0xf4</size>
         <input_file_ref idref="fl-137"/>
      </object_component>
      <object_component id="oc-114">
         <name>.debug_info</name>
         <load_address>0xba5c</load_address>
         <run_address>0xba5c</run_address>
         <size>0x10f1</size>
         <input_file_ref idref="fl-137"/>
      </object_component>
      <object_component id="oc-118">
         <name>.debug_info</name>
         <load_address>0xcb4d</load_address>
         <run_address>0xcb4d</run_address>
         <size>0x632</size>
         <input_file_ref idref="fl-137"/>
      </object_component>
      <object_component id="oc-11a">
         <name>.debug_info</name>
         <load_address>0xd17f</load_address>
         <run_address>0xd17f</run_address>
         <size>0xfa</size>
         <input_file_ref idref="fl-137"/>
      </object_component>
      <object_component id="oc-11f">
         <name>.debug_info</name>
         <load_address>0xd279</load_address>
         <run_address>0xd279</run_address>
         <size>0xf9</size>
         <input_file_ref idref="fl-137"/>
      </object_component>
      <object_component id="oc-124">
         <name>.debug_info</name>
         <load_address>0xd372</load_address>
         <run_address>0xd372</run_address>
         <size>0xd0</size>
         <input_file_ref idref="fl-137"/>
      </object_component>
      <object_component id="oc-129">
         <name>.debug_info</name>
         <load_address>0xd442</load_address>
         <run_address>0xd442</run_address>
         <size>0x119</size>
         <input_file_ref idref="fl-13c"/>
      </object_component>
      <object_component id="oc-12f">
         <name>.debug_info</name>
         <load_address>0xd55b</load_address>
         <run_address>0xd55b</run_address>
         <size>0xcc</size>
         <input_file_ref idref="fl-137"/>
      </object_component>
      <object_component id="oc-134">
         <name>.debug_info</name>
         <load_address>0xd627</load_address>
         <run_address>0xd627</run_address>
         <size>0xec</size>
         <input_file_ref idref="fl-137"/>
      </object_component>
      <object_component id="oc-139">
         <name>.debug_info</name>
         <load_address>0xd713</load_address>
         <run_address>0xd713</run_address>
         <size>0x582</size>
         <input_file_ref idref="fl-137"/>
      </object_component>
      <object_component id="oc-140">
         <name>.debug_info</name>
         <load_address>0xdc95</load_address>
         <run_address>0xdc95</run_address>
         <size>0x2c</size>
         <input_file_ref idref="fl-137"/>
      </object_component>
      <object_component id="oc-146">
         <name>.debug_info</name>
         <load_address>0xdcc1</load_address>
         <run_address>0xdcc1</run_address>
         <size>0xff</size>
         <input_file_ref idref="fl-137"/>
      </object_component>
      <object_component id="oc-14b">
         <name>.debug_info</name>
         <load_address>0xddc0</load_address>
         <run_address>0xddc0</run_address>
         <size>0xd5</size>
         <input_file_ref idref="fl-137"/>
      </object_component>
      <object_component id="oc-150">
         <name>.debug_info</name>
         <load_address>0xde95</load_address>
         <run_address>0xde95</run_address>
         <size>0x855</size>
         <input_file_ref idref="fl-13d"/>
      </object_component>
      <object_component id="oc-155">
         <name>.debug_info</name>
         <load_address>0xe6ea</load_address>
         <run_address>0xe6ea</run_address>
         <size>0xb1</size>
         <input_file_ref idref="fl-13c"/>
      </object_component>
      <object_component id="oc-157">
         <name>.debug_info</name>
         <load_address>0xe79b</load_address>
         <run_address>0xe79b</run_address>
         <size>0x106</size>
         <input_file_ref idref="fl-137"/>
      </object_component>
      <object_component id="oc-15c">
         <name>.debug_info</name>
         <load_address>0xe8a1</load_address>
         <run_address>0xe8a1</run_address>
         <size>0xd1</size>
         <input_file_ref idref="fl-137"/>
      </object_component>
      <object_component id="oc-161">
         <name>.debug_info</name>
         <load_address>0xe972</load_address>
         <run_address>0xe972</run_address>
         <size>0xc2</size>
         <input_file_ref idref="fl-137"/>
      </object_component>
      <object_component id="oc-166">
         <name>.debug_info</name>
         <load_address>0xea34</load_address>
         <run_address>0xea34</run_address>
         <size>0x101</size>
         <input_file_ref idref="fl-13d"/>
      </object_component>
      <object_component id="oc-16b">
         <name>.debug_info</name>
         <load_address>0xeb35</load_address>
         <run_address>0xeb35</run_address>
         <size>0xf8</size>
         <input_file_ref idref="fl-137"/>
      </object_component>
      <object_component id="oc-170">
         <name>.debug_info</name>
         <load_address>0xec2d</load_address>
         <run_address>0xec2d</run_address>
         <size>0x10e</size>
         <input_file_ref idref="fl-137"/>
      </object_component>
      <object_component id="oc-175">
         <name>.debug_info</name>
         <load_address>0xed3b</load_address>
         <run_address>0xed3b</run_address>
         <size>0xc7</size>
         <input_file_ref idref="fl-137"/>
      </object_component>
      <object_component id="oc-17c">
         <name>.debug_info</name>
         <load_address>0xee02</load_address>
         <run_address>0xee02</run_address>
         <size>0xfd</size>
         <input_file_ref idref="fl-137"/>
      </object_component>
      <object_component id="oc-181">
         <name>.debug_info</name>
         <load_address>0xeeff</load_address>
         <run_address>0xeeff</run_address>
         <size>0xf4</size>
         <input_file_ref idref="fl-137"/>
      </object_component>
      <object_component id="oc-186">
         <name>.debug_info</name>
         <load_address>0xeff3</load_address>
         <run_address>0xeff3</run_address>
         <size>0x100</size>
         <input_file_ref idref="fl-137"/>
      </object_component>
      <object_component id="oc-18b">
         <name>.debug_info</name>
         <load_address>0xf0f3</load_address>
         <run_address>0xf0f3</run_address>
         <size>0xf9</size>
         <input_file_ref idref="fl-137"/>
      </object_component>
      <object_component id="oc-190">
         <name>.debug_info</name>
         <load_address>0xf1ec</load_address>
         <run_address>0xf1ec</run_address>
         <size>0x105</size>
         <input_file_ref idref="fl-137"/>
      </object_component>
      <object_component id="oc-1b6">
         <name>.debug_info</name>
         <load_address>0xf2f1</load_address>
         <run_address>0xf2f1</run_address>
         <size>0xa9</size>
      </object_component>
      <object_component id="oc-11">
         <name>.debug_line</name>
         <load_address>0x0</load_address>
         <run_address>0x0</run_address>
         <size>0x4f</size>
         <input_file_ref idref="fl-130"/>
      </object_component>
      <object_component id="oc-18">
         <name>.debug_line</name>
         <load_address>0x4f</load_address>
         <run_address>0x4f</run_address>
         <size>0x55</size>
         <input_file_ref idref="fl-131"/>
      </object_component>
      <object_component id="oc-1b">
         <name>.debug_line</name>
         <load_address>0xa4</load_address>
         <run_address>0xa4</run_address>
         <size>0x4c</size>
         <input_file_ref idref="fl-133"/>
      </object_component>
      <object_component id="oc-20">
         <name>.debug_line</name>
         <load_address>0xf0</load_address>
         <run_address>0xf0</run_address>
         <size>0x4b</size>
         <input_file_ref idref="fl-132"/>
      </object_component>
      <object_component id="oc-29">
         <name>.debug_line</name>
         <load_address>0x13b</load_address>
         <run_address>0x13b</run_address>
         <size>0xc0e</size>
         <input_file_ref idref="fl-2"/>
      </object_component>
      <object_component id="oc-2d">
         <name>.debug_line</name>
         <load_address>0xd49</load_address>
         <run_address>0xd49</run_address>
         <size>0x43</size>
         <input_file_ref idref="fl-2"/>
      </object_component>
      <object_component id="oc-31">
         <name>.debug_line</name>
         <load_address>0xd8c</load_address>
         <run_address>0xd8c</run_address>
         <size>0x87</size>
         <input_file_ref idref="fl-13a"/>
      </object_component>
      <object_component id="oc-35">
         <name>.debug_line</name>
         <load_address>0xe13</load_address>
         <run_address>0xe13</run_address>
         <size>0x50</size>
         <input_file_ref idref="fl-139"/>
      </object_component>
      <object_component id="oc-3a">
         <name>.debug_line</name>
         <load_address>0xe63</load_address>
         <run_address>0xe63</run_address>
         <size>0x7a</size>
         <input_file_ref idref="fl-134"/>
      </object_component>
      <object_component id="oc-42">
         <name>.debug_line</name>
         <load_address>0xedd</load_address>
         <run_address>0xedd</run_address>
         <size>0x88</size>
         <input_file_ref idref="fl-135"/>
      </object_component>
      <object_component id="oc-47">
         <name>.debug_line</name>
         <load_address>0xf65</load_address>
         <run_address>0xf65</run_address>
         <size>0x3a</size>
         <input_file_ref idref="fl-131"/>
      </object_component>
      <object_component id="oc-4e">
         <name>.debug_line</name>
         <load_address>0xf9f</load_address>
         <run_address>0xf9f</run_address>
         <size>0x34</size>
         <input_file_ref idref="fl-133"/>
      </object_component>
      <object_component id="oc-55">
         <name>.debug_line</name>
         <load_address>0xfd3</load_address>
         <run_address>0xfd3</run_address>
         <size>0x8c</size>
         <input_file_ref idref="fl-132"/>
      </object_component>
      <object_component id="oc-5b">
         <name>.debug_line</name>
         <load_address>0x105f</load_address>
         <run_address>0x105f</run_address>
         <size>0x39</size>
         <input_file_ref idref="fl-132"/>
      </object_component>
      <object_component id="oc-60">
         <name>.debug_line</name>
         <load_address>0x1098</load_address>
         <run_address>0x1098</run_address>
         <size>0x532</size>
         <input_file_ref idref="fl-3"/>
      </object_component>
      <object_component id="oc-64">
         <name>.debug_line</name>
         <load_address>0x15ca</load_address>
         <run_address>0x15ca</run_address>
         <size>0x2c</size>
         <input_file_ref idref="fl-13d"/>
      </object_component>
      <object_component id="oc-68">
         <name>.debug_line</name>
         <load_address>0x15f6</load_address>
         <run_address>0x15f6</run_address>
         <size>0x43</size>
         <input_file_ref idref="fl-2"/>
      </object_component>
      <object_component id="oc-6b">
         <name>.debug_line</name>
         <load_address>0x1639</load_address>
         <run_address>0x1639</run_address>
         <size>0x20</size>
         <input_file_ref idref="fl-2"/>
      </object_component>
      <object_component id="oc-70">
         <name>.debug_line</name>
         <load_address>0x1659</load_address>
         <run_address>0x1659</run_address>
         <size>0x6d</size>
         <input_file_ref idref="fl-13b"/>
      </object_component>
      <object_component id="oc-7d">
         <name>.debug_line</name>
         <load_address>0x16c6</load_address>
         <run_address>0x16c6</run_address>
         <size>0x33</size>
         <input_file_ref idref="fl-136"/>
      </object_component>
      <object_component id="oc-81">
         <name>.debug_line</name>
         <load_address>0x16f9</load_address>
         <run_address>0x16f9</run_address>
         <size>0x44</size>
         <input_file_ref idref="fl-131"/>
      </object_component>
      <object_component id="oc-85">
         <name>.debug_line</name>
         <load_address>0x173d</load_address>
         <run_address>0x173d</run_address>
         <size>0x20</size>
         <input_file_ref idref="fl-131"/>
      </object_component>
      <object_component id="oc-88">
         <name>.debug_line</name>
         <load_address>0x175d</load_address>
         <run_address>0x175d</run_address>
         <size>0x44</size>
         <input_file_ref idref="fl-133"/>
      </object_component>
      <object_component id="oc-8c">
         <name>.debug_line</name>
         <load_address>0x17a1</load_address>
         <run_address>0x17a1</run_address>
         <size>0x20</size>
         <input_file_ref idref="fl-133"/>
      </object_component>
      <object_component id="oc-8f">
         <name>.debug_line</name>
         <load_address>0x17c1</load_address>
         <run_address>0x17c1</run_address>
         <size>0x20</size>
         <input_file_ref idref="fl-132"/>
      </object_component>
      <object_component id="oc-95">
         <name>.debug_line</name>
         <load_address>0x17e1</load_address>
         <run_address>0x17e1</run_address>
         <size>0x40</size>
         <input_file_ref idref="fl-3"/>
      </object_component>
      <object_component id="oc-9a">
         <name>.debug_line</name>
         <load_address>0x1821</load_address>
         <run_address>0x1821</run_address>
         <size>0x40</size>
         <input_file_ref idref="fl-3"/>
      </object_component>
      <object_component id="oc-9f">
         <name>.debug_line</name>
         <load_address>0x1861</load_address>
         <run_address>0x1861</run_address>
         <size>0x20</size>
         <input_file_ref idref="fl-3"/>
      </object_component>
      <object_component id="oc-a4">
         <name>.debug_line</name>
         <load_address>0x1881</load_address>
         <run_address>0x1881</run_address>
         <size>0x52</size>
         <input_file_ref idref="fl-3"/>
      </object_component>
      <object_component id="oc-aa">
         <name>.debug_line</name>
         <load_address>0x18d3</load_address>
         <run_address>0x18d3</run_address>
         <size>0x40</size>
         <input_file_ref idref="fl-3"/>
      </object_component>
      <object_component id="oc-af">
         <name>.debug_line</name>
         <load_address>0x1913</load_address>
         <run_address>0x1913</run_address>
         <size>0x71</size>
         <input_file_ref idref="fl-3"/>
      </object_component>
      <object_component id="oc-b3">
         <name>.debug_line</name>
         <load_address>0x1984</load_address>
         <run_address>0x1984</run_address>
         <size>0x73</size>
         <input_file_ref idref="fl-13d"/>
      </object_component>
      <object_component id="oc-b6">
         <name>.debug_line</name>
         <load_address>0x19f7</load_address>
         <run_address>0x19f7</run_address>
         <size>0x44</size>
         <input_file_ref idref="fl-13d"/>
      </object_component>
      <object_component id="oc-bb">
         <name>.debug_line</name>
         <load_address>0x1a3b</load_address>
         <run_address>0x1a3b</run_address>
         <size>0x2c</size>
         <input_file_ref idref="fl-13d"/>
      </object_component>
      <object_component id="oc-c1">
         <name>.debug_line</name>
         <load_address>0x1a67</load_address>
         <run_address>0x1a67</run_address>
         <size>0x2b</size>
         <input_file_ref idref="fl-139"/>
      </object_component>
      <object_component id="oc-c4">
         <name>.debug_line</name>
         <load_address>0x1a92</load_address>
         <run_address>0x1a92</run_address>
         <size>0x2b</size>
         <input_file_ref idref="fl-139"/>
      </object_component>
      <object_component id="oc-c9">
         <name>.debug_line</name>
         <load_address>0x1abd</load_address>
         <run_address>0x1abd</run_address>
         <size>0x66</size>
         <input_file_ref idref="fl-138"/>
      </object_component>
      <object_component id="oc-cd">
         <name>.debug_line</name>
         <load_address>0x1b23</load_address>
         <run_address>0x1b23</run_address>
         <size>0x2b</size>
         <input_file_ref idref="fl-138"/>
      </object_component>
      <object_component id="oc-d0">
         <name>.debug_line</name>
         <load_address>0x1b4e</load_address>
         <run_address>0x1b4e</run_address>
         <size>0x2a</size>
         <input_file_ref idref="fl-134"/>
      </object_component>
      <object_component id="oc-d2">
         <name>.debug_line</name>
         <load_address>0x1b78</load_address>
         <run_address>0x1b78</run_address>
         <size>0x43</size>
         <input_file_ref idref="fl-134"/>
      </object_component>
      <object_component id="oc-d4">
         <name>.debug_line</name>
         <load_address>0x1bbb</load_address>
         <run_address>0x1bbb</run_address>
         <size>0x2f</size>
         <input_file_ref idref="fl-3"/>
      </object_component>
      <object_component id="oc-d8">
         <name>.debug_line</name>
         <load_address>0x1bea</load_address>
         <run_address>0x1bea</run_address>
         <size>0x2f</size>
         <input_file_ref idref="fl-3"/>
      </object_component>
      <object_component id="oc-dd">
         <name>.debug_line</name>
         <load_address>0x1c19</load_address>
         <run_address>0x1c19</run_address>
         <size>0x2f</size>
         <input_file_ref idref="fl-3"/>
      </object_component>
      <object_component id="oc-e1">
         <name>.debug_line</name>
         <load_address>0x1c48</load_address>
         <run_address>0x1c48</run_address>
         <size>0x44</size>
         <input_file_ref idref="fl-3"/>
      </object_component>
      <object_component id="oc-e5">
         <name>.debug_line</name>
         <load_address>0x1c8c</load_address>
         <run_address>0x1c8c</run_address>
         <size>0x2f</size>
         <input_file_ref idref="fl-3"/>
      </object_component>
      <object_component id="oc-e8">
         <name>.debug_line</name>
         <load_address>0x1cbb</load_address>
         <run_address>0x1cbb</run_address>
         <size>0x57</size>
         <input_file_ref idref="fl-3"/>
      </object_component>
      <object_component id="oc-ed">
         <name>.debug_line</name>
         <load_address>0x1d12</load_address>
         <run_address>0x1d12</run_address>
         <size>0x56</size>
         <input_file_ref idref="fl-3"/>
      </object_component>
      <object_component id="oc-f1">
         <name>.debug_line</name>
         <load_address>0x1d68</load_address>
         <run_address>0x1d68</run_address>
         <size>0x51</size>
         <input_file_ref idref="fl-13b"/>
      </object_component>
      <object_component id="oc-f4">
         <name>.debug_line</name>
         <load_address>0x1db9</load_address>
         <run_address>0x1db9</run_address>
         <size>0x45</size>
         <input_file_ref idref="fl-13b"/>
      </object_component>
      <object_component id="oc-f9">
         <name>.debug_line</name>
         <load_address>0x1dfe</load_address>
         <run_address>0x1dfe</run_address>
         <size>0x20</size>
         <input_file_ref idref="fl-138"/>
      </object_component>
      <object_component id="oc-fd">
         <name>.debug_line</name>
         <load_address>0x1e1e</load_address>
         <run_address>0x1e1e</run_address>
         <size>0x31</size>
         <input_file_ref idref="fl-137"/>
      </object_component>
      <object_component id="oc-102">
         <name>.debug_line</name>
         <load_address>0x1e4f</load_address>
         <run_address>0x1e4f</run_address>
         <size>0x2f</size>
         <input_file_ref idref="fl-3"/>
      </object_component>
      <object_component id="oc-107">
         <name>.debug_line</name>
         <load_address>0x1e7e</load_address>
         <run_address>0x1e7e</run_address>
         <size>0x31</size>
         <input_file_ref idref="fl-137"/>
      </object_component>
      <object_component id="oc-10c">
         <name>.debug_line</name>
         <load_address>0x1eaf</load_address>
         <run_address>0x1eaf</run_address>
         <size>0x2f</size>
         <input_file_ref idref="fl-3"/>
      </object_component>
      <object_component id="oc-111">
         <name>.debug_line</name>
         <load_address>0x1ede</load_address>
         <run_address>0x1ede</run_address>
         <size>0x31</size>
         <input_file_ref idref="fl-137"/>
      </object_component>
      <object_component id="oc-115">
         <name>.debug_line</name>
         <load_address>0x1f0f</load_address>
         <run_address>0x1f0f</run_address>
         <size>0x18b</size>
         <input_file_ref idref="fl-137"/>
      </object_component>
      <object_component id="oc-11c">
         <name>.debug_line</name>
         <load_address>0x209a</load_address>
         <run_address>0x209a</run_address>
         <size>0x31</size>
         <input_file_ref idref="fl-137"/>
      </object_component>
      <object_component id="oc-121">
         <name>.debug_line</name>
         <load_address>0x20cb</load_address>
         <run_address>0x20cb</run_address>
         <size>0x31</size>
         <input_file_ref idref="fl-137"/>
      </object_component>
      <object_component id="oc-126">
         <name>.debug_line</name>
         <load_address>0x20fc</load_address>
         <run_address>0x20fc</run_address>
         <size>0x31</size>
         <input_file_ref idref="fl-137"/>
      </object_component>
      <object_component id="oc-12a">
         <name>.debug_line</name>
         <load_address>0x212d</load_address>
         <run_address>0x212d</run_address>
         <size>0x43</size>
         <input_file_ref idref="fl-13c"/>
      </object_component>
      <object_component id="oc-131">
         <name>.debug_line</name>
         <load_address>0x2170</load_address>
         <run_address>0x2170</run_address>
         <size>0x31</size>
         <input_file_ref idref="fl-137"/>
      </object_component>
      <object_component id="oc-136">
         <name>.debug_line</name>
         <load_address>0x21a1</load_address>
         <run_address>0x21a1</run_address>
         <size>0x44</size>
         <input_file_ref idref="fl-137"/>
      </object_component>
      <object_component id="oc-13b">
         <name>.debug_line</name>
         <load_address>0x21e5</load_address>
         <run_address>0x21e5</run_address>
         <size>0x50</size>
         <input_file_ref idref="fl-137"/>
      </object_component>
      <object_component id="oc-13f">
         <name>.debug_line</name>
         <load_address>0x2235</load_address>
         <run_address>0x2235</run_address>
         <size>0x50</size>
         <input_file_ref idref="fl-137"/>
      </object_component>
      <object_component id="oc-142">
         <name>.debug_line</name>
         <load_address>0x2285</load_address>
         <run_address>0x2285</run_address>
         <size>0x2d</size>
         <input_file_ref idref="fl-137"/>
      </object_component>
      <object_component id="oc-148">
         <name>.debug_line</name>
         <load_address>0x22b2</load_address>
         <run_address>0x22b2</run_address>
         <size>0x31</size>
         <input_file_ref idref="fl-137"/>
      </object_component>
      <object_component id="oc-14d">
         <name>.debug_line</name>
         <load_address>0x22e3</load_address>
         <run_address>0x22e3</run_address>
         <size>0x31</size>
         <input_file_ref idref="fl-137"/>
      </object_component>
      <object_component id="oc-151">
         <name>.debug_line</name>
         <load_address>0x2314</load_address>
         <run_address>0x2314</run_address>
         <size>0x2f6</size>
         <input_file_ref idref="fl-13d"/>
      </object_component>
      <object_component id="oc-159">
         <name>.debug_line</name>
         <load_address>0x260a</load_address>
         <run_address>0x260a</run_address>
         <size>0x31</size>
         <input_file_ref idref="fl-137"/>
      </object_component>
      <object_component id="oc-15e">
         <name>.debug_line</name>
         <load_address>0x263b</load_address>
         <run_address>0x263b</run_address>
         <size>0x31</size>
         <input_file_ref idref="fl-137"/>
      </object_component>
      <object_component id="oc-163">
         <name>.debug_line</name>
         <load_address>0x266c</load_address>
         <run_address>0x266c</run_address>
         <size>0x31</size>
         <input_file_ref idref="fl-137"/>
      </object_component>
      <object_component id="oc-169">
         <name>.debug_line</name>
         <load_address>0x269d</load_address>
         <run_address>0x269d</run_address>
         <size>0x44</size>
         <input_file_ref idref="fl-13c"/>
      </object_component>
      <object_component id="oc-16d">
         <name>.debug_line</name>
         <load_address>0x26e1</load_address>
         <run_address>0x26e1</run_address>
         <size>0x31</size>
         <input_file_ref idref="fl-137"/>
      </object_component>
      <object_component id="oc-172">
         <name>.debug_line</name>
         <load_address>0x2712</load_address>
         <run_address>0x2712</run_address>
         <size>0x31</size>
         <input_file_ref idref="fl-137"/>
      </object_component>
      <object_component id="oc-177">
         <name>.debug_line</name>
         <load_address>0x2743</load_address>
         <run_address>0x2743</run_address>
         <size>0x31</size>
         <input_file_ref idref="fl-137"/>
      </object_component>
      <object_component id="oc-17a">
         <name>.debug_line</name>
         <load_address>0x2774</load_address>
         <run_address>0x2774</run_address>
         <size>0x2c</size>
         <input_file_ref idref="fl-13d"/>
      </object_component>
      <object_component id="oc-17e">
         <name>.debug_line</name>
         <load_address>0x27a0</load_address>
         <run_address>0x27a0</run_address>
         <size>0x31</size>
         <input_file_ref idref="fl-137"/>
      </object_component>
      <object_component id="oc-183">
         <name>.debug_line</name>
         <load_address>0x27d1</load_address>
         <run_address>0x27d1</run_address>
         <size>0x31</size>
         <input_file_ref idref="fl-137"/>
      </object_component>
      <object_component id="oc-188">
         <name>.debug_line</name>
         <load_address>0x2802</load_address>
         <run_address>0x2802</run_address>
         <size>0x31</size>
         <input_file_ref idref="fl-137"/>
      </object_component>
      <object_component id="oc-18d">
         <name>.debug_line</name>
         <load_address>0x2833</load_address>
         <run_address>0x2833</run_address>
         <size>0x31</size>
         <input_file_ref idref="fl-137"/>
      </object_component>
      <object_component id="oc-192">
         <name>.debug_line</name>
         <load_address>0x2864</load_address>
         <run_address>0x2864</run_address>
         <size>0x31</size>
         <input_file_ref idref="fl-137"/>
      </object_component>
      <object_component id="oc-12">
         <name>.debug_aranges</name>
         <load_address>0x0</load_address>
         <run_address>0x0</run_address>
         <size>0x20</size>
         <input_file_ref idref="fl-130"/>
      </object_component>
      <object_component id="oc-15">
         <name>.debug_aranges</name>
         <load_address>0x20</load_address>
         <run_address>0x20</run_address>
         <size>0x20</size>
         <input_file_ref idref="fl-131"/>
      </object_component>
      <object_component id="oc-1d">
         <name>.debug_aranges</name>
         <load_address>0x40</load_address>
         <run_address>0x40</run_address>
         <size>0x20</size>
         <input_file_ref idref="fl-133"/>
      </object_component>
      <object_component id="oc-22">
         <name>.debug_aranges</name>
         <load_address>0x60</load_address>
         <run_address>0x60</run_address>
         <size>0x20</size>
         <input_file_ref idref="fl-132"/>
      </object_component>
      <object_component id="oc-2b">
         <name>.debug_aranges</name>
         <load_address>0x80</load_address>
         <run_address>0x80</run_address>
         <size>0x408</size>
         <input_file_ref idref="fl-2"/>
      </object_component>
      <object_component id="oc-32">
         <name>.debug_aranges</name>
         <load_address>0x488</load_address>
         <run_address>0x488</run_address>
         <size>0x28</size>
         <input_file_ref idref="fl-13a"/>
      </object_component>
      <object_component id="oc-37">
         <name>.debug_aranges</name>
         <load_address>0x4b0</load_address>
         <run_address>0x4b0</run_address>
         <size>0x20</size>
         <input_file_ref idref="fl-139"/>
      </object_component>
      <object_component id="oc-3c">
         <name>.debug_aranges</name>
         <load_address>0x4d0</load_address>
         <run_address>0x4d0</run_address>
         <size>0x30</size>
         <input_file_ref idref="fl-134"/>
      </object_component>
      <object_component id="oc-43">
         <name>.debug_aranges</name>
         <load_address>0x500</load_address>
         <run_address>0x500</run_address>
         <size>0x20</size>
         <input_file_ref idref="fl-135"/>
      </object_component>
      <object_component id="oc-56">
         <name>.debug_aranges</name>
         <load_address>0x520</load_address>
         <run_address>0x520</run_address>
         <size>0x20</size>
         <input_file_ref idref="fl-132"/>
      </object_component>
      <object_component id="oc-62">
         <name>.debug_aranges</name>
         <load_address>0x540</load_address>
         <run_address>0x540</run_address>
         <size>0x140</size>
         <input_file_ref idref="fl-3"/>
      </object_component>
      <object_component id="oc-72">
         <name>.debug_aranges</name>
         <load_address>0x680</load_address>
         <run_address>0x680</run_address>
         <size>0x20</size>
         <input_file_ref idref="fl-13b"/>
      </object_component>
      <object_component id="oc-cb">
         <name>.debug_aranges</name>
         <load_address>0x6a0</load_address>
         <run_address>0x6a0</run_address>
         <size>0x30</size>
         <input_file_ref idref="fl-138"/>
      </object_component>
      <object_component id="oc-117">
         <name>.debug_aranges</name>
         <load_address>0x6d0</load_address>
         <run_address>0x6d0</run_address>
         <size>0xf0</size>
         <input_file_ref idref="fl-137"/>
      </object_component>
      <object_component id="oc-12c">
         <name>.debug_aranges</name>
         <load_address>0x7c0</load_address>
         <run_address>0x7c0</run_address>
         <size>0x20</size>
         <input_file_ref idref="fl-13c"/>
      </object_component>
      <object_component id="oc-153">
         <name>.debug_aranges</name>
         <load_address>0x7e0</load_address>
         <run_address>0x7e0</run_address>
         <size>0x58</size>
         <input_file_ref idref="fl-13d"/>
      </object_component>
      <object_component id="oc-16">
         <name>.debug_frame</name>
         <load_address>0x0</load_address>
         <run_address>0x0</run_address>
         <size>0x7f</size>
         <input_file_ref idref="fl-131"/>
      </object_component>
      <object_component id="oc-1c">
         <name>.debug_frame</name>
         <load_address>0x7f</load_address>
         <run_address>0x7f</run_address>
         <size>0x7f</size>
         <input_file_ref idref="fl-133"/>
      </object_component>
      <object_component id="oc-21">
         <name>.debug_frame</name>
         <load_address>0xfe</load_address>
         <run_address>0xfe</run_address>
         <size>0x7f</size>
         <input_file_ref idref="fl-132"/>
      </object_component>
      <object_component id="oc-2a">
         <name>.debug_frame</name>
         <load_address>0x17d</load_address>
         <run_address>0x17d</run_address>
         <size>0x8cc</size>
         <input_file_ref idref="fl-2"/>
      </object_component>
      <object_component id="oc-36">
         <name>.debug_frame</name>
         <load_address>0xa49</load_address>
         <run_address>0xa49</run_address>
         <size>0x7f</size>
         <input_file_ref idref="fl-139"/>
      </object_component>
      <object_component id="oc-3b">
         <name>.debug_frame</name>
         <load_address>0xac8</load_address>
         <run_address>0xac8</run_address>
         <size>0xb3</size>
         <input_file_ref idref="fl-134"/>
      </object_component>
      <object_component id="oc-54">
         <name>.debug_frame</name>
         <load_address>0xb7b</load_address>
         <run_address>0xb7b</run_address>
         <size>0x8a</size>
         <input_file_ref idref="fl-132"/>
      </object_component>
      <object_component id="oc-61">
         <name>.debug_frame</name>
         <load_address>0xc05</load_address>
         <run_address>0xc05</run_address>
         <size>0x3e9</size>
         <input_file_ref idref="fl-3"/>
      </object_component>
      <object_component id="oc-71">
         <name>.debug_frame</name>
         <load_address>0xfee</load_address>
         <run_address>0xfee</run_address>
         <size>0x8a</size>
         <input_file_ref idref="fl-13b"/>
      </object_component>
      <object_component id="oc-ca">
         <name>.debug_frame</name>
         <load_address>0x1078</load_address>
         <run_address>0x1078</run_address>
         <size>0xa1</size>
         <input_file_ref idref="fl-138"/>
      </object_component>
      <object_component id="oc-116">
         <name>.debug_frame</name>
         <load_address>0x1119</load_address>
         <run_address>0x1119</run_address>
         <size>0x239</size>
         <input_file_ref idref="fl-137"/>
      </object_component>
      <object_component id="oc-12b">
         <name>.debug_frame</name>
         <load_address>0x1352</load_address>
         <run_address>0x1352</run_address>
         <size>0x7f</size>
         <input_file_ref idref="fl-13c"/>
      </object_component>
      <object_component id="oc-152">
         <name>.debug_frame</name>
         <load_address>0x13d1</load_address>
         <run_address>0x13d1</run_address>
         <size>0x178</size>
         <input_file_ref idref="fl-13d"/>
      </object_component>
      <object_component id="oc-2c">
         <name>.debug_abbrev</name>
         <load_address>0x0</load_address>
         <run_address>0x0</run_address>
         <size>0x29</size>
         <input_file_ref idref="fl-2"/>
      </object_component>
      <object_component id="oc-3f">
         <name>.debug_abbrev</name>
         <load_address>0x29</load_address>
         <run_address>0x29</run_address>
         <size>0x3d</size>
         <input_file_ref idref="fl-130"/>
      </object_component>
      <object_component id="oc-44">
         <name>.debug_abbrev</name>
         <load_address>0x66</load_address>
         <run_address>0x66</run_address>
         <size>0x74</size>
         <input_file_ref idref="fl-131"/>
      </object_component>
      <object_component id="oc-46">
         <name>.debug_abbrev</name>
         <load_address>0xda</load_address>
         <run_address>0xda</run_address>
         <size>0x24</size>
         <input_file_ref idref="fl-131"/>
      </object_component>
      <object_component id="oc-4b">
         <name>.debug_abbrev</name>
         <load_address>0xfe</load_address>
         <run_address>0xfe</run_address>
         <size>0x6f</size>
         <input_file_ref idref="fl-133"/>
      </object_component>
      <object_component id="oc-4d">
         <name>.debug_abbrev</name>
         <load_address>0x16d</load_address>
         <run_address>0x16d</run_address>
         <size>0x24</size>
         <input_file_ref idref="fl-133"/>
      </object_component>
      <object_component id="oc-57">
         <name>.debug_abbrev</name>
         <load_address>0x191</load_address>
         <run_address>0x191</run_address>
         <size>0x74</size>
         <input_file_ref idref="fl-132"/>
      </object_component>
      <object_component id="oc-5a">
         <name>.debug_abbrev</name>
         <load_address>0x205</load_address>
         <run_address>0x205</run_address>
         <size>0x24</size>
         <input_file_ref idref="fl-132"/>
      </object_component>
      <object_component id="oc-63">
         <name>.debug_abbrev</name>
         <load_address>0x229</load_address>
         <run_address>0x229</run_address>
         <size>0x29</size>
         <input_file_ref idref="fl-13d"/>
      </object_component>
      <object_component id="oc-66">
         <name>.debug_abbrev</name>
         <load_address>0x252</load_address>
         <run_address>0x252</run_address>
         <size>0xa6</size>
         <input_file_ref idref="fl-2"/>
      </object_component>
      <object_component id="oc-67">
         <name>.debug_abbrev</name>
         <load_address>0x2f8</load_address>
         <run_address>0x2f8</run_address>
         <size>0x71</size>
         <input_file_ref idref="fl-2"/>
      </object_component>
      <object_component id="oc-6a">
         <name>.debug_abbrev</name>
         <load_address>0x369</load_address>
         <run_address>0x369</run_address>
         <size>0x1f</size>
         <input_file_ref idref="fl-2"/>
      </object_component>
      <object_component id="oc-73">
         <name>.debug_abbrev</name>
         <load_address>0x388</load_address>
         <run_address>0x388</run_address>
         <size>0x80</size>
         <input_file_ref idref="fl-13a"/>
      </object_component>
      <object_component id="oc-74">
         <name>.debug_abbrev</name>
         <load_address>0x408</load_address>
         <run_address>0x408</run_address>
         <size>0x68</size>
         <input_file_ref idref="fl-139"/>
      </object_component>
      <object_component id="oc-7a">
         <name>.debug_abbrev</name>
         <load_address>0x470</load_address>
         <run_address>0x470</run_address>
         <size>0xba</size>
         <input_file_ref idref="fl-134"/>
      </object_component>
      <object_component id="oc-7c">
         <name>.debug_abbrev</name>
         <load_address>0x52a</load_address>
         <run_address>0x52a</run_address>
         <size>0x27</size>
         <input_file_ref idref="fl-136"/>
      </object_component>
      <object_component id="oc-7e">
         <name>.debug_abbrev</name>
         <load_address>0x551</load_address>
         <run_address>0x551</run_address>
         <size>0x3d</size>
         <input_file_ref idref="fl-135"/>
      </object_component>
      <object_component id="oc-80">
         <name>.debug_abbrev</name>
         <load_address>0x58e</load_address>
         <run_address>0x58e</run_address>
         <size>0x24</size>
         <input_file_ref idref="fl-131"/>
      </object_component>
      <object_component id="oc-84">
         <name>.debug_abbrev</name>
         <load_address>0x5b2</load_address>
         <run_address>0x5b2</run_address>
         <size>0x4c</size>
         <input_file_ref idref="fl-131"/>
      </object_component>
      <object_component id="oc-87">
         <name>.debug_abbrev</name>
         <load_address>0x5fe</load_address>
         <run_address>0x5fe</run_address>
         <size>0x24</size>
         <input_file_ref idref="fl-133"/>
      </object_component>
      <object_component id="oc-8b">
         <name>.debug_abbrev</name>
         <load_address>0x622</load_address>
         <run_address>0x622</run_address>
         <size>0x2c</size>
         <input_file_ref idref="fl-133"/>
      </object_component>
      <object_component id="oc-8d">
         <name>.debug_abbrev</name>
         <load_address>0x64e</load_address>
         <run_address>0x64e</run_address>
         <size>0x6d</size>
         <input_file_ref idref="fl-132"/>
      </object_component>
      <object_component id="oc-8e">
         <name>.debug_abbrev</name>
         <load_address>0x6bb</load_address>
         <run_address>0x6bb</run_address>
         <size>0x2c</size>
         <input_file_ref idref="fl-132"/>
      </object_component>
      <object_component id="oc-94">
         <name>.debug_abbrev</name>
         <load_address>0x6e7</load_address>
         <run_address>0x6e7</run_address>
         <size>0x29</size>
         <input_file_ref idref="fl-3"/>
      </object_component>
      <object_component id="oc-99">
         <name>.debug_abbrev</name>
         <load_address>0x710</load_address>
         <run_address>0x710</run_address>
         <size>0x29</size>
         <input_file_ref idref="fl-3"/>
      </object_component>
      <object_component id="oc-9c">
         <name>.debug_abbrev</name>
         <load_address>0x739</load_address>
         <run_address>0x739</run_address>
         <size>0xeb</size>
         <input_file_ref idref="fl-3"/>
      </object_component>
      <object_component id="oc-9e">
         <name>.debug_abbrev</name>
         <load_address>0x824</load_address>
         <run_address>0x824</run_address>
         <size>0x1f</size>
         <input_file_ref idref="fl-3"/>
      </object_component>
      <object_component id="oc-a3">
         <name>.debug_abbrev</name>
         <load_address>0x843</load_address>
         <run_address>0x843</run_address>
         <size>0xa3</size>
         <input_file_ref idref="fl-3"/>
      </object_component>
      <object_component id="oc-a9">
         <name>.debug_abbrev</name>
         <load_address>0x8e6</load_address>
         <run_address>0x8e6</run_address>
         <size>0xb9</size>
         <input_file_ref idref="fl-3"/>
      </object_component>
      <object_component id="oc-ae">
         <name>.debug_abbrev</name>
         <load_address>0x99f</load_address>
         <run_address>0x99f</run_address>
         <size>0x131</size>
         <input_file_ref idref="fl-3"/>
      </object_component>
      <object_component id="oc-b2">
         <name>.debug_abbrev</name>
         <load_address>0xad0</load_address>
         <run_address>0xad0</run_address>
         <size>0xcb</size>
         <input_file_ref idref="fl-13d"/>
      </object_component>
      <object_component id="oc-b5">
         <name>.debug_abbrev</name>
         <load_address>0xb9b</load_address>
         <run_address>0xb9b</run_address>
         <size>0x24</size>
         <input_file_ref idref="fl-13d"/>
      </object_component>
      <object_component id="oc-ba">
         <name>.debug_abbrev</name>
         <load_address>0xbbf</load_address>
         <run_address>0xbbf</run_address>
         <size>0x4b</size>
         <input_file_ref idref="fl-13d"/>
      </object_component>
      <object_component id="oc-be">
         <name>.debug_abbrev</name>
         <load_address>0xc0a</load_address>
         <run_address>0xc0a</run_address>
         <size>0x8c</size>
         <input_file_ref idref="fl-13b"/>
      </object_component>
      <object_component id="oc-c0">
         <name>.debug_abbrev</name>
         <load_address>0xc96</load_address>
         <run_address>0xc96</run_address>
         <size>0x8e</size>
         <input_file_ref idref="fl-139"/>
      </object_component>
      <object_component id="oc-c3">
         <name>.debug_abbrev</name>
         <load_address>0xd24</load_address>
         <run_address>0xd24</run_address>
         <size>0x49</size>
         <input_file_ref idref="fl-139"/>
      </object_component>
      <object_component id="oc-cc">
         <name>.debug_abbrev</name>
         <load_address>0xd6d</load_address>
         <run_address>0xd6d</run_address>
         <size>0x29</size>
         <input_file_ref idref="fl-138"/>
      </object_component>
      <object_component id="oc-cf">
         <name>.debug_abbrev</name>
         <load_address>0xd96</load_address>
         <run_address>0xd96</run_address>
         <size>0x29</size>
         <input_file_ref idref="fl-134"/>
      </object_component>
      <object_component id="oc-d1">
         <name>.debug_abbrev</name>
         <load_address>0xdbf</load_address>
         <run_address>0xdbf</run_address>
         <size>0x6b</size>
         <input_file_ref idref="fl-134"/>
      </object_component>
      <object_component id="oc-d3">
         <name>.debug_abbrev</name>
         <load_address>0xe2a</load_address>
         <run_address>0xe2a</run_address>
         <size>0x29</size>
         <input_file_ref idref="fl-3"/>
      </object_component>
      <object_component id="oc-d7">
         <name>.debug_abbrev</name>
         <load_address>0xe53</load_address>
         <run_address>0xe53</run_address>
         <size>0x29</size>
         <input_file_ref idref="fl-3"/>
      </object_component>
      <object_component id="oc-dc">
         <name>.debug_abbrev</name>
         <load_address>0xe7c</load_address>
         <run_address>0xe7c</run_address>
         <size>0x29</size>
         <input_file_ref idref="fl-3"/>
      </object_component>
      <object_component id="oc-e0">
         <name>.debug_abbrev</name>
         <load_address>0xea5</load_address>
         <run_address>0xea5</run_address>
         <size>0x7a</size>
         <input_file_ref idref="fl-3"/>
      </object_component>
      <object_component id="oc-e4">
         <name>.debug_abbrev</name>
         <load_address>0xf1f</load_address>
         <run_address>0xf1f</run_address>
         <size>0x12d</size>
         <input_file_ref idref="fl-3"/>
      </object_component>
      <object_component id="oc-e7">
         <name>.debug_abbrev</name>
         <load_address>0x104c</load_address>
         <run_address>0x104c</run_address>
         <size>0x53</size>
         <input_file_ref idref="fl-3"/>
      </object_component>
      <object_component id="oc-ec">
         <name>.debug_abbrev</name>
         <load_address>0x109f</load_address>
         <run_address>0x109f</run_address>
         <size>0x53</size>
         <input_file_ref idref="fl-3"/>
      </object_component>
      <object_component id="oc-f0">
         <name>.debug_abbrev</name>
         <load_address>0x10f2</load_address>
         <run_address>0x10f2</run_address>
         <size>0x8c</size>
         <input_file_ref idref="fl-13b"/>
      </object_component>
      <object_component id="oc-f3">
         <name>.debug_abbrev</name>
         <load_address>0x117e</load_address>
         <run_address>0x117e</run_address>
         <size>0x4b</size>
         <input_file_ref idref="fl-13b"/>
      </object_component>
[...]
         <value>0x5bb</value>
         <object_component_ref idref="oc-5e"/>
      </symbol>
      <symbol id="sm-1e5">
         <name>_ZN5clock5Clock20enableWideTimerClockENS_10peripheral5timer9wideTimer10_wideTimerE</name>
         <value>0x3ad</value>
         <object_component_ref idref="oc-5e"/>
      </symbol>
      <symbol id="sm-1e6">
         <name>main</name>
         <value>0x26d</value>
         <object_component_ref idref="oc-5e"/>
      </symbol>
      <symbol id="sm-1e7">
         <name>blueLed</name>
         <value>0x20000624</value>
         <object_component_ref idref="oc-90"/>
      </symbol>
      <symbol id="sm-1e8">
         <name>_ZN4Gpio3Pin9clearFlagEv</name>
         <value>0x795</value>
         <object_component_ref idref="oc-5e"/>
      </symbol>
      <symbol id="sm-1e9">
         <name>_ZN7gObject7GObjectC1Ev</name>
         <value>0x461</value>
         <object_component_ref idref="oc-5e"/>
      </symbol>
      <symbol id="sm-1ea">
         <name>_ZN4Gpio3Pin9setPullUpEv</name>
         <value>0x871</value>
         <object_component_ref idref="oc-5e"/>
      </symbol>
      <symbol id="sm-1eb">
         <name>_ZN4Gpio3PinC1Ev</name>
         <value>0x483</value>
         <object_component_ref idref="oc-5e"/>
      </symbol>
      <symbol id="sm-1ec">
         <name>_ZTIN4Gpio3PinE</name>
         <value>0x12c0</value>
         <object_component_ref idref="oc-da"/>
      </symbol>
      <symbol id="sm-1ed">
         <name>_ZN5clock5Clock15enableUartClockENS_10peripheral4uart5_uartE</name>
         <value>0x3d1</value>
         <object_component_ref idref="oc-5e"/>
      </symbol>
      <symbol id="sm-1ee">
         <name>_ZN4Gpio3Pin5isLowEv</name>
         <value>0x66d</value>
         <object_component_ref idref="oc-5e"/>
      </symbol>
      <symbol id="sm-1ef">
         <name>_ZN5clock5Clock14enableSpiClockENS_10peripheral3spi4_spiE</name>
         <value>0x43d</value>
         <object_component_ref idref="oc-5e"/>
      </symbol>
      <symbol id="sm-1f0">
         <name>_ZN7gObject7GObject4initEv</name>
         <value>0x479</value>
         <object_component_ref idref="oc-5e"/>
      </symbol>
      <symbol id="sm-1f1">
         <name>_ZN4Gpio3Pin17enableDigitalFuncEv</name>
         <value>0x4d5</value>
         <object_component_ref idref="oc-5e"/>
      </symbol>
      <symbol id="sm-1f2">
         <name>_ZN5clock5ClockC1Ev</name>
         <value>0x2ad</value>
         <object_component_ref idref="oc-5e"/>
      </symbol>
      <symbol id="sm-1f3">
         <name>_ZN5clock5Clock6configENS_6config11clockSource12_clockSourceENS1_9clockRate10_clockRateENS1_27precisionInternalOscillator28_precisionInternalOscillatorENS1_14mainOscillator15_mainOscillatorE</name>
         <value>0x2bf</value>
         <object_component_ref idref="oc-5e"/>
      </symbol>
      <symbol id="sm-1f4">
         <name>__sti___8_main_cpp_0dea54de</name>
         <value>0x8f5</value>
         <object_component_ref idref="oc-5e"/>
      </symbol>
      <symbol id="sm-1f5">
         <name>_ZN5clock5Clock14enableADCClockENS_10peripheral3adc4_adcE</name>
         <value>0x3f5</value>
         <object_component_ref idref="oc-5e"/>
      </symbol>
      <symbol id="sm-1f6">
         <name>_ZN6delays8delay_msEj</name>
         <value>0x8d1</value>
         <object_component_ref idref="oc-5e"/>
      </symbol>
      <symbol id="sm-1f7">
         <name>_ZTVN7gObject7GObjectE</name>
         <value>0x12e4</value>
         <object_component_ref idref="oc-92"/>
      </symbol>
      <symbol id="sm-1f8">
         <name>_ZN4Gpio3Pin6isHighEv</name>
         <value>0x637</value>
         <object_component_ref idref="oc-5e"/>
      </symbol>
      <symbol id="sm-1f9">
         <name>_ZN5clock5Clock22enableSimpleTimerClockENS_10peripheral5timer11simpleTimer12_simpleTimerE</name>
         <value>0x389</value>
         <object_component_ref idref="oc-5e"/>
      </symbol>
      <symbol id="sm-1fa">
         <name>_ZN4Gpio3Pin6toggleEv</name>
         <value>0x609</value>
         <object_component_ref idref="oc-5e"/>
      </symbol>
      <symbol id="sm-1fb">
         <name>_ZN4Gpio3Pin11setPullDownEv</name>
         <value>0x891</value>
         <object_component_ref idref="oc-5e"/>
      </symbol>
      <symbol id="sm-1fc">
         <name>systemClock</name>
         <value>0x20000620</value>
         <object_component_ref idref="oc-90"/>
      </symbol>
      <symbol id="sm-20b">
         <name>_c_int00</name>
         <value>0x1031</value>
         <object_component_ref idref="oc-10"/>
      </symbol>
      <symbol id="sm-20c">
         <name>__stack</name>
         <value>0x20000400</value>
         <object_component_ref idref="oc-24"/>
      </symbol>
      <symbol id="sm-222">
         <name>__TI_decompress_none</name>
         <value>0x113f</value>
         <object_component_ref idref="oc-14"/>
      </symbol>
      <symbol id="sm-244">
         <name>__TI_decompress_rle24</name>
         <value>0x1155</value>
         <object_component_ref idref="oc-1e"/>
      </symbol>
      <symbol id="sm-25c">
         <name>__TI_zero_init</name>
         <value>0x112d</value>
         <object_component_ref idref="oc-19"/>
      </symbol>
      <symbol id="sm-278">
         <name>C$$EXIT</name>
         <value>0x10bd</value>
         <object_component_ref idref="oc-38"/>
      </symbol>
      <symbol id="sm-279">
         <name>abort</name>
         <value>0x10c1</value>
         <object_component_ref idref="oc-38"/>
      </symbol>
      <symbol id="sm-27a">
         <name>exit</name>
         <value>0x10c9</value>
         <object_component_ref idref="oc-38"/>
      </symbol>
      <symbol id="sm-27b">
         <name>__TI_dtors_ptr</name>
         <value>0x20000618</value>
         <object_component_ref idref="oc-78"/>
      </symbol>
      <symbol id="sm-27c">
         <name>__TI_cleanup_ptr</name>
         <value>0x20000614</value>
         <object_component_ref idref="oc-78"/>
      </symbol>
      <symbol id="sm-296">
         <name>memcpy</name>
         <value>0xea1</value>
         <object_component_ref idref="oc-40"/>
      </symbol>
      <symbol id="sm-297">
         <name>__aeabi_memcpy</name>
         <value>0xea1</value>
         <object_component_ref idref="oc-40"/>
      </symbol>
      <symbol id="sm-298">
         <name>__aeabi_memcpy8</name>
         <value>0xea1</value>
         <object_component_ref idref="oc-40"/>
      </symbol>
      <symbol id="sm-299">
         <name>__aeabi_memcpy4</name>
         <value>0xea1</value>
         <object_component_ref idref="oc-40"/>
      </symbol>
      <symbol id="sm-2a0">
         <name>main_func_sp</name>
         <value>0x2000061c</value>
         <object_component_ref idref="oc-3d"/>
      </symbol>
      <symbol id="sm-35d">
         <name>_ZSt16__dummy_typeinfo</name>
         <value>0x20000634</value>
      </symbol>
      <symbol id="sm-35e">
         <name>_ZN10__cxxabiv120__function_type_infoD1Ev</name>
         <value>0xe5d</value>
         <object_component_ref idref="oc-113"/>
      </symbol>
      <symbol id="sm-35f">
         <name>_ZTIN10__cxxabiv119__pointer_type_infoE</name>
         <value>0x129c</value>
         <object_component_ref idref="oc-16a"/>
      </symbol>
      <symbol id="sm-360">
         <name>_ZTSSt9type_info</name>
         <value>0x1274</value>
         <object_component_ref idref="oc-14a"/>
      </symbol>
      <symbol id="sm-361">
         <name>_ZN10__cxxabiv117__class_type_infoD1Ev</name>
         <value>0xe7b</value>
         <object_component_ref idref="oc-113"/>
      </symbol>
      <symbol id="sm-362">
         <name>_ZN10__cxxabiv116__enum_type_infoD1Ev</name>
         <value>0xe8f</value>
         <object_component_ref idref="oc-113"/>
      </symbol>
      <symbol id="sm-363">
         <name>_ZN10__cxxabiv121__vmi_class_type_infoD1Ev</name>
         <value>0xe49</value>
         <object_component_ref idref="oc-113"/>
      </symbol>
      <symbol id="sm-364">
         <name>_ZTSN10__cxxabiv123__fundamental_type_infoE</name>
         <value>0x115c</value>
         <object_component_ref idref="oc-18f"/>
      </symbol>
      <symbol id="sm-365">
         <name>_ZN10__cxxabiv117__pbase_type_infoD1Ev</name>
         <value>0xe71</value>
         <object_component_ref idref="oc-113"/>
      </symbol>
      <symbol id="sm-366">
         <name>_ZTVN10__cxxabiv123__fundamental_type_infoE</name>
         <value>0x1264</value>
         <object_component_ref idref="oc-16f"/>
      </symbol>
      <symbol id="sm-367">
         <name>_ZTSN10__cxxabiv120__si_class_type_infoE</name>
         <value>0x1184</value>
         <object_component_ref idref="oc-145"/>
      </symbol>
      <symbol id="sm-368">
         <name>_ZN10__cxxabiv117__array_type_infoD1Ev</name>
         <value>0xe85</value>
         <object_component_ref idref="oc-113"/>
      </symbol>
      <symbol id="sm-369">
         <name>_ZTVN10__cxxabiv119__pointer_type_infoE</name>
         <value>0x1244</value>
         <object_component_ref idref="oc-156"/>
      </symbol>
      <symbol id="sm-36a">
         <name>_ZTSPKe</name>
         <value>0x1308</value>
         <object_component_ref idref="oc-15b"/>
      </symbol>
      <symbol id="sm-36b">
         <name>_ZNKSt9type_infoneERKS_</name>
         <value>0xdfb</value>
         <object_component_ref idref="oc-113"/>
      </symbol>
      <symbol id="sm-36c">
         <name>_ZN10__cxxabiv119__pointer_type_infoD1Ev</name>
         <value>0xe67</value>
         <object_component_ref idref="oc-113"/>
      </symbol>
      <symbol id="sm-36d">
         <name>_ZNKSt9type_info6beforeERKS_</name>
         <value>0xe27</value>
         <object_component_ref idref="oc-113"/>
      </symbol>
      <symbol id="sm-36e">
         <name>_ZN10__cxxabiv123__fundamental_type_infoD1Ev</name>
         <value>0xe3f</value>
         <object_component_ref idref="oc-113"/>
      </symbol>
      <symbol id="sm-36f">
         <name>_ZTSN10__cxxabiv119__pointer_type_infoE</name>
         <value>0x11a9</value>
         <object_component_ref idref="oc-17b"/>
      </symbol>
      <symbol id="sm-370">
         <name>_ZTSN10__cxxabiv117__class_type_infoE</name>
         <value>0x11cd</value>
         <object_component_ref idref="oc-11e"/>
      </symbol>
      <symbol id="sm-371">
         <name>_ZTVN10__cxxabiv117__class_type_infoE</name>
         <value>0x1234</value>
         <object_component_ref idref="oc-fa"/>
      </symbol>
      <symbol id="sm-372">
         <name>_ZNSt9type_infoD1Ev</name>
         <value>0xded</value>
         <object_component_ref idref="oc-113"/>
      </symbol>
      <symbol id="sm-373">
         <name>_ZTIN10__cxxabiv123__fundamental_type_infoE</name>
         <value>0x12b4</value>
         <object_component_ref idref="oc-185"/>
      </symbol>
      <symbol id="sm-374">
         <name>_ZTISt9type_info</name>
         <value>0x12f8</value>
         <object_component_ref idref="oc-123"/>
      </symbol>
      <symbol id="sm-375">
         <name>_ZN10__cxxabiv123__fundamental_type_infoD0Ev</name>
         <value>0xe41</value>
         <object_component_ref idref="oc-113"/>
      </symbol>
      <symbol id="sm-376">
         <name>_ZTIN10__cxxabiv117__pbase_type_infoE</name>
         <value>0x1290</value>
         <object_component_ref idref="oc-180"/>
      </symbol>
      <symbol id="sm-377">
         <name>_ZTSe</name>
         <value>0x1281</value>
         <object_component_ref idref="oc-174"/>
      </symbol>
      <symbol id="sm-378">
         <name>_ZNKSt9type_info4nameEv</name>
         <value>0xdf7</value>
         <object_component_ref idref="oc-113"/>
      </symbol>
      <symbol id="sm-379">
         <name>_ZTIN10__cxxabiv117__class_type_infoE</name>
         <value>0x1284</value>
         <object_component_ref idref="oc-10e"/>
      </symbol>
      <symbol id="sm-37a">
         <name>_ZN10__cxxabiv129__pointer_to_member_type_infoD0Ev</name>
         <value>0xe37</value>
         <object_component_ref idref="oc-113"/>
      </symbol>
      <symbol id="sm-37b">
         <name>_ZN10__cxxabiv120__si_class_type_infoD1Ev</name>
         <value>0xe53</value>
         <object_component_ref idref="oc-113"/>
      </symbol>
      <symbol id="sm-37c">
         <name>_ZTIN10__cxxabiv120__si_class_type_infoE</name>
         <value>0x12a8</value>
         <object_component_ref idref="oc-119"/>
      </symbol>
      <symbol id="sm-37d">
         <name>_ZNSt9type_infoD0Ev</name>
         <value>0xdef</value>
         <object_component_ref idref="oc-113"/>
      </symbol>
      <symbol id="sm-37e">
         <name>_ZN10__cxxabiv120__function_type_infoD0Ev</name>
         <value>0xe5f</value>
         <object_component_ref idref="oc-113"/>
      </symbol>
      <symbol id="sm-37f">
         <name>_ZN10__cxxabiv117__class_type_infoD0Ev</name>
         <value>0xe7d</value>
         <object_component_ref idref="oc-113"/>
      </symbol>
      <symbol id="sm-380">
         <name>_ZTSN10__cxxabiv117__pbase_type_infoE</name>
         <value>0x11ef</value>
         <object_component_ref idref="oc-18a"/>
      </symbol>
      <symbol id="sm-381">
         <name>_ZN10__cxxabiv116__enum_type_infoD0Ev</name>
         <value>0xe91</value>
         <object_component_ref idref="oc-113"/>
      </symbol>
      <symbol id="sm-382">
         <name>_ZTIe</name>
         <value>0x1300</value>
         <object_component_ref idref="oc-160"/>
      </symbol>
      <symbol id="sm-383">
         <name>_ZN10__cxxabiv121__vmi_class_type_infoD0Ev</name>
         <value>0xe4b</value>
         <object_component_ref idref="oc-113"/>
      </symbol>
      <symbol id="sm-384">
         <name>_ZTVN10__cxxabiv120__si_class_type_infoE</name>
         <value>0x1254</value>
         <object_component_ref idref="oc-104"/>
      </symbol>
      <symbol id="sm-385">
         <name>_ZN10__cxxabiv117__pbase_type_infoD0Ev</name>
         <value>0xe73</value>
         <object_component_ref idref="oc-113"/>
      </symbol>
      <symbol id="sm-386">
         <name>_ZN10__cxxabiv117__array_type_infoD0Ev</name>
         <value>0xe87</value>
         <object_component_ref idref="oc-113"/>
      </symbol>
      <symbol id="sm-387">
         <name>_ZSt21__gen_dummy_typeinfosv</name>
         <value>0xde5</value>
         <object_component_ref idref="oc-113"/>
      </symbol>
      <symbol id="sm-388">
         <name>_ZN10__cxxabiv129__pointer_to_member_type_infoD1Ev</name>
         <value>0xe35</value>
         <object_component_ref idref="oc-113"/>
      </symbol>
      <symbol id="sm-389">
         <name>_ZN10__cxxabiv119__pointer_type_infoD0Ev</name>
         <value>0xe69</value>
         <object_component_ref idref="oc-113"/>
      </symbol>
      <symbol id="sm-38a">
         <name>_ZN10__cxxabiv120__si_class_type_infoD0Ev</name>
         <value>0xe55</value>
         <object_component_ref idref="oc-113"/>
      </symbol>
      <symbol id="sm-38b">
         <name>_ZTIPKe</name>
         <value>0x1224</value>
         <object_component_ref idref="oc-12e"/>
      </symbol>
      <symbol id="sm-38c">
         <name>_ZNKSt9type_infoeqERKS_</name>
         <value>0xe11</value>
         <object_component_ref idref="oc-113"/>
      </symbol>
      <symbol id="sm-3a2">
         <name>_nop</name>
         <value>0x1127</value>
         <object_component_ref idref="oc-c7"/>
      </symbol>
      <symbol id="sm-3a3">
         <name>_lock</name>
         <value>0x2000060c</value>
         <object_component_ref idref="oc-76"/>
      </symbol>
      <symbol id="sm-3a4">
         <name>_unlock</name>
         <value>0x20000610</value>
         <object_component_ref idref="oc-76"/>
      </symbol>
      <symbol id="sm-3a5">
         <name>_register_lock</name>
         <value>0x111f</value>
         <object_component_ref idref="oc-c7"/>
      </symbol>
      <symbol id="sm-3a6">
         <name>_register_unlock</name>
         <value>0x1119</value>
         <object_component_ref idref="oc-c7"/>
      </symbol>
      <symbol id="sm-3b9">
         <name>_args_main</name>
         <value>0x1101</value>
         <object_component_ref idref="oc-33"/>
      </symbol>
      <symbol id="sm-3d5">
         <name>__TI_auto_init</name>
         <value>0xf3d</value>
         <object_component_ref idref="oc-2f"/>
      </symbol>
      <symbol id="sm-3ed">
         <name>copy_in</name>
         <value>0x1079</value>
         <object_component_ref idref="oc-6e"/>
      </symbol>
      <symbol id="sm-3fa">
         <name>_ZdlPv</name>
         <value>0x114d</value>
         <object_component_ref idref="oc-128"/>
      </symbol>
      <symbol id="sm-46b">
         <name>_sys_memory</name>
         <value>0x20000000</value>
         <object_component_ref idref="oc-25"/>
      </symbol>
      <symbol id="sm-46c">
         <name>free</name>
         <value>0xa03</value>
         <object_component_ref idref="oc-14f"/>
      </symbol>
      <symbol id="sm-46d">
         <name>realloc</name>
         <value>0xac3</value>
         <object_component_ref idref="oc-14f"/>
      </symbol>
      <symbol id="sm-46e">
         <name>memalign</name>
         <value>0xbc9</value>
         <object_component_ref idref="oc-14f"/>
      </symbol>
      <symbol id="sm-46f">
         <name>calloc</name>
         <value>0xca9</value>
         <object_component_ref idref="oc-14f"/>
      </symbol>
      <symbol id="sm-470">
         <name>malloc</name>
         <value>0x9a1</value>
         <object_component_ref idref="oc-14f"/>
      </symbol>
      <symbol id="sm-471">
         <name>minit</name>
         <value>0x915</value>
         <object_component_ref idref="oc-14f"/>
      </symbol>
      <symbol id="sm-472">
         <name>__TI_static_base__</name>
         <value>0x0</value>
      </symbol>
      <symbol id="sm-473">
         <name>__TI_args_main</name>
         <value>0x1</value>
      </symbol>
      <symbol id="sm-477">
         <name>_ZN5clock5ClockC2Ev</name>
         <value>0x2ad</value>
      </symbol>
      <symbol id="sm-478">
         <name>_ZN7gObject7GObjectC2Ev</name>
         <value>0x461</value>
      </symbol>
      <symbol id="sm-479">
         <name>_ZN4Gpio3PinC2Ev</name>
         <value>0x483</value>
      </symbol>
      <symbol id="sm-47a">
         <name>_ZN4Gpio3PinC2ENS_4port5_portENS_3pin4_pinE</name>
         <value>0x4a3</value>
      </symbol>
      <symbol id="sm-47b">
         <name>_ZNSt9type_infoD2Ev</name>
         <value>0xded</value>
      </symbol>
      <symbol id="sm-47c">
         <name>_ZN10__cxxabiv123__fundamental_type_infoD2Ev</name>
         <value>0xe3f</value>
      </symbol>
      <symbol id="sm-47d">
         <name>_ZN10__cxxabiv117__array_type_infoD2Ev</name>
         <value>0xe85</value>
      </symbol>
      <symbol id="sm-47e">
         <name>_ZN10__cxxabiv120__function_type_infoD2Ev</name>
         <value>0xe5d</value>
      </symbol>
      <symbol id="sm-47f">
         <name>_ZN10__cxxabiv116__enum_type_infoD2Ev</name>
         <value>0xe8f</value>
      </symbol>
      <symbol id="sm-480">
         <name>_ZN10__cxxabiv117__class_type_infoD2Ev</name>
         <value>0xe7b</value>
      </symbol>
      <symbol id="sm-481">
         <name>_ZN10__cxxabiv120__si_class_type_infoD2Ev</name>
         <value>0xe53</value>
      </symbol>
      <symbol id="sm-482">
         <name>_ZN10__cxxabiv121__vmi_class_type_infoD2Ev</name>
         <value>0xe49</value>
      </symbol>
      <symbol id="sm-483">
         <name>_ZN10__cxxabiv117__pbase_type_infoD2Ev</name>
         <value>0xe71</value>
      </symbol>
      <symbol id="sm-484">
         <name>_ZN10__cxxabiv119__pointer_type_infoD2Ev</name>
         <value>0xe67</value>
      </symbol>
      <symbol id="sm-485">
         <name>_ZN10__cxxabiv129__pointer_to_member_type_infoD2Ev</name>
         <value>0xe35</value>
      </symbol>
   </symbol_table>
   <title>Link successful</title>
</link_info>
